Archive member included because of file (symbol)

d:/embeded_system/diploms/interfacing_nti/imt_sdk_win_64/winavr/bin/../lib/gcc/avr/4.3.3/avr5\libgcc.a(_exit.o)
                              d:/embeded_system/diploms/interfacing_nti/imt_sdk_win_64/winavr/bin/../lib/gcc/avr/4.3.3/../../../../avr/lib/avr5/crtm32.o (exit)
d:/embeded_system/diploms/interfacing_nti/imt_sdk_win_64/winavr/bin/../lib/gcc/avr/4.3.3/avr5\libgcc.a(_copy_data.o)
                              ./Keypad_Program.o (__do_copy_data)

Memory Configuration

Name             Origin             Length             Attributes
text             0x00000000         0x00020000         xr
data             0x00800060         0x0000ffa0         rw !x
eeprom           0x00810000         0x00010000         rw !x
fuse             0x00820000         0x00000400         rw !x
lock             0x00830000         0x00000400         rw !x
signature        0x00840000         0x00000400         rw !x
*default*        0x00000000         0xffffffff

Linker script and memory map

LOAD d:/embeded_system/diploms/interfacing_nti/imt_sdk_win_64/winavr/bin/../lib/gcc/avr/4.3.3/../../../../avr/lib/avr5/crtm32.o
LOAD ./DIO_Prog.o
LOAD ./Keypad_Program.o
LOAD ./mmainn.o
LOAD d:/embeded_system/diploms/interfacing_nti/imt_sdk_win_64/winavr/bin/../lib/gcc/avr/4.3.3/avr5\libgcc.a
LOAD d:/embeded_system/diploms/interfacing_nti/imt_sdk_win_64/winavr/bin/../lib/gcc/avr/4.3.3/../../../../avr/lib/avr5\libc.a
LOAD d:/embeded_system/diploms/interfacing_nti/imt_sdk_win_64/winavr/bin/../lib/gcc/avr/4.3.3/avr5\libgcc.a

.hash
 *(.hash)

.dynsym
 *(.dynsym)

.dynstr
 *(.dynstr)

.gnu.version
 *(.gnu.version)

.gnu.version_d
 *(.gnu.version_d)

.gnu.version_r
 *(.gnu.version_r)

.rel.init
 *(.rel.init)

.rela.init
 *(.rela.init)

.rel.text
 *(.rel.text)
 *(.rel.text.*)
 *(.rel.gnu.linkonce.t*)

.rela.text
 *(.rela.text)
 *(.rela.text.*)
 *(.rela.gnu.linkonce.t*)

.rel.fini
 *(.rel.fini)

.rela.fini
 *(.rela.fini)

.rel.rodata
 *(.rel.rodata)
 *(.rel.rodata.*)
 *(.rel.gnu.linkonce.r*)

.rela.rodata
 *(.rela.rodata)
 *(.rela.rodata.*)
 *(.rela.gnu.linkonce.r*)

.rel.data
 *(.rel.data)
 *(.rel.data.*)
 *(.rel.gnu.linkonce.d*)

.rela.data
 *(.rela.data)
 *(.rela.data.*)
 *(.rela.gnu.linkonce.d*)

.rel.ctors
 *(.rel.ctors)

.rela.ctors
 *(.rela.ctors)

.rel.dtors
 *(.rel.dtors)

.rela.dtors
 *(.rela.dtors)

.rel.got
 *(.rel.got)

.rela.got
 *(.rela.got)

.rel.bss
 *(.rel.bss)

.rela.bss
 *(.rela.bss)

.rel.plt
 *(.rel.plt)

.rela.plt
 *(.rela.plt)

.text           0x00000000      0xb30
 *(.vectors)
 .vectors       0x00000000       0x54 d:/embeded_system/diploms/interfacing_nti/imt_sdk_win_64/winavr/bin/../lib/gcc/avr/4.3.3/../../../../avr/lib/avr5/crtm32.o
                0x00000000                __vectors
                0x00000000                __vector_default
 *(.vectors)
 *(.progmem.gcc*)
 *(.progmem*)
                0x00000054                . = ALIGN (0x2)
                0x00000054                __trampolines_start = .
 *(.trampolines)
 .trampolines   0x00000054        0x0 linker stubs
 *(.trampolines*)
                0x00000054                __trampolines_end = .
 *(.jumptables)
 *(.jumptables*)
 *(.lowtext)
 *(.lowtext*)
                0x00000054                __ctors_start = .
 *(.ctors)
                0x00000054                __ctors_end = .
                0x00000054                __dtors_start = .
 *(.dtors)
                0x00000054                __dtors_end = .
 SORT(*)(.ctors)
 SORT(*)(.dtors)
 *(.init0)
 .init0         0x00000054        0x0 d:/embeded_system/diploms/interfacing_nti/imt_sdk_win_64/winavr/bin/../lib/gcc/avr/4.3.3/../../../../avr/lib/avr5/crtm32.o
                0x00000054                __init
 *(.init0)
 *(.init1)
 *(.init1)
 *(.init2)
 .init2         0x00000054        0xc d:/embeded_system/diploms/interfacing_nti/imt_sdk_win_64/winavr/bin/../lib/gcc/avr/4.3.3/../../../../avr/lib/avr5/crtm32.o
 *(.init2)
 *(.init3)
 *(.init3)
 *(.init4)
 .init4         0x00000060       0x16 d:/embeded_system/diploms/interfacing_nti/imt_sdk_win_64/winavr/bin/../lib/gcc/avr/4.3.3/avr5\libgcc.a(_copy_data.o)
                0x00000060                __do_copy_data
 *(.init4)
 *(.init5)
 *(.init5)
 *(.init6)
 *(.init6)
 *(.init7)
 *(.init7)
 *(.init8)
 *(.init8)
 *(.init9)
 .init9         0x00000076        0x8 d:/embeded_system/diploms/interfacing_nti/imt_sdk_win_64/winavr/bin/../lib/gcc/avr/4.3.3/../../../../avr/lib/avr5/crtm32.o
 *(.init9)
 *(.text)
 .text          0x0000007e        0x4 d:/embeded_system/diploms/interfacing_nti/imt_sdk_win_64/winavr/bin/../lib/gcc/avr/4.3.3/../../../../avr/lib/avr5/crtm32.o
                0x0000007e                __vector_1
                0x0000007e                __vector_12
                0x0000007e                __bad_interrupt
                0x0000007e                __vector_6
                0x0000007e                __vector_3
                0x0000007e                __vector_11
                0x0000007e                __vector_13
                0x0000007e                __vector_17
                0x0000007e                __vector_19
                0x0000007e                __vector_7
                0x0000007e                __vector_5
                0x0000007e                __vector_4
                0x0000007e                __vector_9
                0x0000007e                __vector_2
                0x0000007e                __vector_15
                0x0000007e                __vector_8
                0x0000007e                __vector_14
                0x0000007e                __vector_10
                0x0000007e                __vector_16
                0x0000007e                __vector_18
                0x0000007e                __vector_20
 .text          0x00000082        0x0 ./DIO_Prog.o
 .text          0x00000082        0x0 ./Keypad_Program.o
 .text          0x00000082        0x0 ./mmainn.o
 .text          0x00000082        0x0 d:/embeded_system/diploms/interfacing_nti/imt_sdk_win_64/winavr/bin/../lib/gcc/avr/4.3.3/avr5\libgcc.a(_exit.o)
 .text          0x00000082        0x0 d:/embeded_system/diploms/interfacing_nti/imt_sdk_win_64/winavr/bin/../lib/gcc/avr/4.3.3/avr5\libgcc.a(_copy_data.o)
                0x00000082                . = ALIGN (0x2)
 *(.text.*)
 .text.DIO_EnuInit
                0x00000082       0x54 ./DIO_Prog.o
                0x00000082                DIO_EnuInit
 .text.DIO_EnuSetPortDirection
                0x000000d6       0x9c ./DIO_Prog.o
                0x000000d6                DIO_EnuSetPortDirection
 .text.DIO_EnuSetPortValue
                0x00000172       0x9c ./DIO_Prog.o
                0x00000172                DIO_EnuSetPortValue
 .text.DIO_EnuTogPort
                0x0000020e       0xb0 ./DIO_Prog.o
                0x0000020e                DIO_EnuTogPort
 .text.DIO_EnuGetPortValue
                0x000002be       0xc2 ./DIO_Prog.o
                0x000002be                DIO_EnuGetPortValue
 .text.DIO_EnuSetPinDirection
                0x00000380      0x1d8 ./DIO_Prog.o
                0x00000380                DIO_EnuSetPinDirection
 .text.DIO_EnuSetPinortValue
                0x00000558      0x1d8 ./DIO_Prog.o
                0x00000558                DIO_EnuSetPinortValue
 .text.DIO_EnuTogPin
                0x00000730      0x11e ./DIO_Prog.o
                0x00000730                DIO_EnuTogPin
 .text.DIO_EnuGetPinValue
                0x0000084e      0x13c ./DIO_Prog.o
                0x0000084e                DIO_EnuGetPinValue
 .text.KPD_u8GetPressedKey
                0x0000098a      0x178 ./Keypad_Program.o
                0x0000098a                KPD_u8GetPressedKey
 .text.main     0x00000b02       0x2a ./mmainn.o
                0x00000b02                main
 .text.libgcc   0x00000b2c        0x0 d:/embeded_system/diploms/interfacing_nti/imt_sdk_win_64/winavr/bin/../lib/gcc/avr/4.3.3/avr5\libgcc.a(_exit.o)
 .text.libgcc   0x00000b2c        0x0 d:/embeded_system/diploms/interfacing_nti/imt_sdk_win_64/winavr/bin/../lib/gcc/avr/4.3.3/avr5\libgcc.a(_copy_data.o)
                0x00000b2c                . = ALIGN (0x2)
 *(.fini9)
 .fini9         0x00000b2c        0x0 d:/embeded_system/diploms/interfacing_nti/imt_sdk_win_64/winavr/bin/../lib/gcc/avr/4.3.3/avr5\libgcc.a(_exit.o)
                0x00000b2c                exit
                0x00000b2c                _exit
 *(.fini9)
 *(.fini8)
 *(.fini8)
 *(.fini7)
 *(.fini7)
 *(.fini6)
 *(.fini6)
 *(.fini5)
 *(.fini5)
 *(.fini4)
 *(.fini4)
 *(.fini3)
 *(.fini3)
 *(.fini2)
 *(.fini2)
 *(.fini1)
 *(.fini1)
 *(.fini0)
 .fini0         0x00000b2c        0x4 d:/embeded_system/diploms/interfacing_nti/imt_sdk_win_64/winavr/bin/../lib/gcc/avr/4.3.3/avr5\libgcc.a(_exit.o)
 *(.fini0)
                0x00000b30                _etext = .

.data           0x00800060       0x20 load address 0x00000b30
                0x00800060                PROVIDE (__data_start, .)
 *(.data)
 .data          0x00800060        0x0 d:/embeded_system/diploms/interfacing_nti/imt_sdk_win_64/winavr/bin/../lib/gcc/avr/4.3.3/../../../../avr/lib/avr5/crtm32.o
 .data          0x00800060        0x0 ./DIO_Prog.o
 .data          0x00800060        0x0 ./Keypad_Program.o
 .data          0x00800060        0x0 ./mmainn.o
 .data          0x00800060        0x0 d:/embeded_system/diploms/interfacing_nti/imt_sdk_win_64/winavr/bin/../lib/gcc/avr/4.3.3/avr5\libgcc.a(_exit.o)
 .data          0x00800060        0x0 d:/embeded_system/diploms/interfacing_nti/imt_sdk_win_64/winavr/bin/../lib/gcc/avr/4.3.3/avr5\libgcc.a(_copy_data.o)
 *(.data*)
 .data.Local_u8KPDRowsArrPort.1229
                0x00800060        0x4 ./Keypad_Program.o
 .data.Local_u8KPDRowsArrPins.1228
                0x00800064        0x4 ./Keypad_Program.o
 .data.Local_u8KPDColumArrPort.1227
                0x00800068        0x4 ./Keypad_Program.o
 .data.Local_u8KPDColumArrPins.1226
                0x0080006c        0x4 ./Keypad_Program.o
 *(.rodata)
 *(.rodata*)
 .rodata.C.0.1243
                0x00800070       0x10 ./Keypad_Program.o
 *(.gnu.linkonce.d*)
                0x00800080                . = ALIGN (0x2)
                0x00800080                _edata = .
                0x00800080                PROVIDE (__data_end, .)

.bss            0x00800080        0x0
                0x00800080                PROVIDE (__bss_start, .)
 *(.bss)
 .bss           0x00800080        0x0 d:/embeded_system/diploms/interfacing_nti/imt_sdk_win_64/winavr/bin/../lib/gcc/avr/4.3.3/../../../../avr/lib/avr5/crtm32.o
 .bss           0x00800080        0x0 ./DIO_Prog.o
 .bss           0x00800080        0x0 ./Keypad_Program.o
 .bss           0x00800080        0x0 ./mmainn.o
 .bss           0x00800080        0x0 d:/embeded_system/diploms/interfacing_nti/imt_sdk_win_64/winavr/bin/../lib/gcc/avr/4.3.3/avr5\libgcc.a(_exit.o)
 .bss           0x00800080        0x0 d:/embeded_system/diploms/interfacing_nti/imt_sdk_win_64/winavr/bin/../lib/gcc/avr/4.3.3/avr5\libgcc.a(_copy_data.o)
 *(.bss*)
 *(COMMON)
                0x00800080                PROVIDE (__bss_end, .)
                0x00000b30                __data_load_start = LOADADDR (.data)
                0x00000b50                __data_load_end = (__data_load_start + SIZEOF (.data))

.noinit         0x00800080        0x0
                0x00800080                PROVIDE (__noinit_start, .)
 *(.noinit*)
                0x00800080                PROVIDE (__noinit_end, .)
                0x00800080                _end = .
                0x00800080                PROVIDE (__heap_start, .)

.eeprom         0x00810000        0x0
 *(.eeprom*)
                0x00810000                __eeprom_end = .

.fuse
 *(.fuse)
 *(.lfuse)
 *(.hfuse)
 *(.efuse)

.lock
 *(.lock*)

.signature
 *(.signature*)

.stab           0x00000000      0xdbc
 *(.stab)
 .stab          0x00000000      0x9c0 ./DIO_Prog.o
 .stab          0x000009c0      0x294 ./Keypad_Program.o
                                0x330 (size before relaxing)
 .stab          0x00000c54      0x168 ./mmainn.o
                                0x204 (size before relaxing)

.stabstr        0x00000000      0x63e
 *(.stabstr)
 .stabstr       0x00000000      0x63e ./DIO_Prog.o

.stab.excl
 *(.stab.excl)

.stab.exclstr
 *(.stab.exclstr)

.stab.index
 *(.stab.index)

.stab.indexstr
 *(.stab.indexstr)

.comment
 *(.comment)

.debug
 *(.debug)

.line
 *(.line)

.debug_srcinfo
 *(.debug_srcinfo)

.debug_sfnames
 *(.debug_sfnames)

.debug_aranges
 *(.debug_aranges)

.debug_pubnames
 *(.debug_pubnames)

.debug_info
 *(.debug_info)
 *(.gnu.linkonce.wi.*)

.debug_abbrev
 *(.debug_abbrev)

.debug_line
 *(.debug_line)

.debug_frame
 *(.debug_frame)

.debug_str
 *(.debug_str)

.debug_loc
 *(.debug_loc)

.debug_macinfo
 *(.debug_macinfo)
OUTPUT(Keypad.elf elf32-avr)
LOAD linker stubs
